append_plus_styles.cjs(90,10): error TS1127: Invalid character.
append_plus_styles.cjs(196,1): error TS1160: Unterminated template literal.
fix_window_config.js(6,19): error TS1127: Invalid character.
fix_window_config.js(6,26): error TS1003: Identifier expected.
fix_window_config.js(6,37): error TS1005: ':' expected.
fix_window_config.js(6,46): error TS1003: Identifier expected.
fix_window_config.js(6,112): error TS1005: ':' expected.
fix_window_config.js(6,117): error TS1003: Identifier expected.
fix_window_config.js(6,119): error TS1005: ':' expected.
fix_window_config.js(6,124): error TS1003: Identifier expected.
fix_window_config.js(6,126): error TS1005: ':' expected.
fix_window_config.js(6,135): error TS1003: Identifier expected.
fix_window_config.js(6,138): error TS1005: ':' expected.
fix_window_config.js(6,148): error TS1003: Identifier expected.
fix_window_config.js(6,151): error TS1005: ':' expected.
fix_window_config.js(6,161): error TS1359: Identifier expected. 'false' is a reserved word that cannot be used here.
fix_window_config.js(6,167): error TS1005: ':' expected.
fix_window_config.js(6,169): error TS1127: Invalid character.
fix_window_config.js(6,170): error TS1127: Invalid character.
fix_window_config.js(6,178): error TS1005: ',' expected.
fix_window_config.js(6,184): error TS1003: Identifier expected.
fix_window_config.js(6,194): error TS1005: ':' expected.
fix_window_config.js(6,203): error TS1003: Identifier expected.
fix_window_config.js(6,223): error TS1005: ':' expected.
fix_window_config.js(6,228): error TS1003: Identifier expected.
fix_window_config.js(6,230): error TS1005: ':' expected.
fix_window_config.js(6,235): error TS1003: Identifier expected.
fix_window_config.js(6,237): error TS1005: ':' expected.
fix_window_config.js(6,246): error TS1003: Identifier expected.
fix_window_config.js(6,249): error TS1005: ':' expected.
fix_window_config.js(6,259): error TS1003: Identifier expected.
fix_window_config.js(6,262): error TS1005: ':' expected.
fix_window_config.js(6,272): error TS1359: Identifier expected. 'false' is a reserved word that cannot be used here.
fix_window_config.js(6,278): error TS1005: ':' expected.
fix_window_config.js(6,280): error TS1127: Invalid character.
update_gui.js(4,22): error TS1127: Invalid character.
update_gui.js(4,29): error TS1389: 'case' is not allowed as a variable declaration name.
update_gui.js(4,34): error TS1134: Variable declaration expected.
update_gui.js(4,45): error TS1005: ';' expected.
update_gui.js(4,46): error TS1127: Invalid character.
update_gui.js(4,47): error TS1127: Invalid character.
update_gui.js(4,48): error TS1434: Unexpected keyword or identifier.
update_gui.js(4,86): error TS1127: Invalid character.
update_gui.js(5,17): error TS1127: Invalid character.
update_gui.js(5,24): error TS1389: 'case' is not allowed as a variable declaration name.
update_gui.js(5,29): error TS1134: Variable declaration expected.
update_gui.js(5,40): error TS1005: ';' expected.
update_gui.js(5,41): error TS1127: Invalid character.
update_gui.js(5,42): error TS1127: Invalid character.
update_gui.js(5,43): error TS1434: Unexpected keyword or identifier.
update_gui.js(5,81): error TS1127: Invalid character.
update_gui.js(5,82): error TS1127: Invalid character.
update_gui.js(5,83): error TS1434: Unexpected keyword or identifier.
update_gui.js(5,90): error TS1128: Declaration or statement expected.
update_gui.js(5,105): error TS1005: ';' expected.
update_gui.js(5,106): error TS1127: Invalid character.
update_gui.js(5,107): error TS1127: Invalid character.
update_gui.js(5,108): error TS1434: Unexpected keyword or identifier.
update_gui.js(5,244): error TS1127: Invalid character.
update_vfs_sysapps.js(7,3): error TS1127: Invalid character.
update_vfs_sysapps.js(7,295): error TS1127: Invalid character.
update_vfs_sysapps.js(13,3): error TS1127: Invalid character.
update_vfs_sysapps.js(13,291): error TS1127: Invalid character.
update_vfs_sysapps.js(13,292): error TS1127: Invalid character.
update_vfs_sysapps.js(13,298): error TS1005: ',' expected.
update_vfs_sysapps.js(13,316): error TS1127: Invalid character.
update_vfs_sysapps.js(14,1): error TS1136: Property assignment expected.
update_vfs_sysapps.js(19,3): error TS1127: Invalid character.
update_vfs_sysapps.js(19,196): error TS1127: Invalid character.
update_vfs_sysapps.js(19,197): error TS1127: Invalid character.
update_vfs_sysapps.js(19,203): error TS1005: ',' expected.
update_vfs_sysapps.js(19,386): error TS1127: Invalid character.
update_vfs_sysapps.js(25,3): error TS1127: Invalid character.
update_vfs_sysapps.js(25,127): error TS1127: Invalid character.
update_vfs_sysapps.js(25,128): error TS1127: Invalid character.
update_vfs_sysapps.js(25,142): error TS1005: ',' expected.
update_vfs_sysapps.js(25,265): error TS1127: Invalid character.
